{
  "skill": [
    {
      "id": "regex:.+",
      "name": "some name"
    }
  ]
}